7 + 5 = 12
7 - 5 = 2
5 - 7 = -2
7 * 5 = 35
7 / 5 = 1
7 % 5 = 2
