I'm a killer dog named "Killer Dog" with weight 9999
