A wrote: A
B wrote: B
B wrote: B from A
A wrote: should be A
B wrote: should be B
