Bgcolor_pre = #ff0000
#123456
My color is now #123457
Age = 21
Name = jack
Bgcolor_post = #c0c0c0
