pass
pass.
pass.
pass
pass.
pass.
pass
pass.
pass.
pass.
pass.
pass.
pass.
side-effect!
pass.
