hi.
hi.
hi.
triple quote print
triple quote print2
<div id="comments">
<div class="topiclinks">
