It's null
It's still null.
The function returned a null thingy
Member = ""
