Wrapped in brackets: [as_string]
Wrapped in brackets: [toString]
Null BracketWrapper (builtin): {}
Defined local as_string: {_underscores_}
Null local as_string: {}
Empty lines:


end.
