Size of array = 6
Iterating over array:
5
1
2
3
4
0
Done.
