I'm a killer dog named "Killer Dog" with weight 9999
I'm a dog named "Killer Dog".
I'm an animal!
And the same:
I'm a killer dog named "Killer Dog" with weight 9999
I'm a dog named "Killer Dog".
I'm an animal!

